Information: Updating design information... (UID-85)
 
****************************************
Report : timing
        -path full
        -delay max
        -max_paths 1
Design : BOOTHMUL_NBIT32
Version: F-2011.09-SP3
Date   : Tue May 31 17:24:57 2022
****************************************

Operating Conditions: typical   Library: NangateOpenCellLibrary
Wire Load Model Mode: top

  Startpoint: B[2] (input port)
  Endpoint: S[63] (output port)
  Path Group: default
  Path Type: max

  Des/Clust/Port     Wire Load Model       Library
  ------------------------------------------------
  BOOTHMUL_NBIT32    5K_hvratio_1_1        NangateOpenCellLibrary

  Point                                                   Incr       Path
  --------------------------------------------------------------------------
  input external delay                                    0.00       0.00 r
  B[2] (in)                                               0.00       0.00 r
  ENC_1/B[2] (BOOTHENC_NBIT36_i2)                         0.00       0.00 r
  ENC_1/U18/ZN (XNOR2_X1)                                 0.06       0.06 r
  ENC_1/U26/ZN (NOR2_X1)                                  0.02       0.08 f
  ENC_1/U46/ZN (NAND2_X1)                                 0.02       0.11 r
  ENC_1/U45/ZN (AND2_X1)                                  0.04       0.15 r
  ENC_1/U44/ZN (NAND2_X1)                                 0.03       0.18 f
  ENC_1/O[2] (BOOTHENC_NBIT36_i2)                         0.00       0.18 f
  ADDER1/B[2] (RCA_NBIT36)                                0.00       0.18 f
  ADDER1/add_95/B[2] (RCA_NBIT36_DW01_add_0)              0.00       0.18 f
  ADDER1/add_95/U80/ZN (NAND2_X1)                         0.04       0.22 r
  ADDER1/add_95/U82/ZN (NAND3_X1)                         0.04       0.25 f
  ADDER1/add_95/U86/ZN (NAND2_X1)                         0.04       0.29 r
  ADDER1/add_95/U50/ZN (NAND3_X1)                         0.04       0.33 f
  ADDER1/add_95/U131/ZN (NAND2_X1)                        0.04       0.37 r
  ADDER1/add_95/U133/ZN (NAND3_X1)                        0.04       0.41 f
  ADDER1/add_95/U194/ZN (NAND2_X1)                        0.04       0.45 r
  ADDER1/add_95/U101/ZN (NAND3_X1)                        0.03       0.48 f
  ADDER1/add_95/U98/ZN (NAND2_X1)                         0.04       0.52 r
  ADDER1/add_95/U100/ZN (NAND3_X1)                        0.04       0.56 f
  ADDER1/add_95/U55/ZN (NAND2_X1)                         0.03       0.59 r
  ADDER1/add_95/U54/ZN (NAND3_X1)                         0.04       0.63 f
  ADDER1/add_95/U52/ZN (AOI21_X1)                         0.05       0.68 r
  ADDER1/add_95/U53/Z (MUX2_X1)                           0.09       0.76 f
  ADDER1/add_95/SUM[9] (RCA_NBIT36_DW01_add_0)            0.00       0.76 f
  ADDER1/S[9] (RCA_NBIT36)                                0.00       0.76 f
  ADDER_2/A[9] (RCA_NBIT38)                               0.00       0.76 f
  ADDER_2/add_95/A[9] (RCA_NBIT38_DW01_add_0)             0.00       0.76 f
  ADDER_2/add_95/U85/ZN (NAND2_X1)                        0.03       0.80 r
  ADDER_2/add_95/U81/ZN (AND3_X1)                         0.05       0.85 r
  ADDER_2/add_95/U78/ZN (NOR2_X1)                         0.02       0.87 f
  ADDER_2/add_95/U80/ZN (NAND2_X1)                        0.04       0.91 r
  ADDER_2/add_95/U165/ZN (NAND3_X1)                       0.04       0.95 f
  ADDER_2/add_95/U175/ZN (NAND2_X1)                       0.04       0.98 r
  ADDER_2/add_95/U177/ZN (NAND3_X1)                       0.04       1.02 f
  ADDER_2/add_95/U162/ZN (NAND2_X1)                       0.03       1.05 r
  ADDER_2/add_95/U164/ZN (NAND3_X1)                       0.04       1.09 f
  ADDER_2/add_95/U1_13/S (FA_X1)                          0.14       1.22 r
  ADDER_2/add_95/SUM[13] (RCA_NBIT38_DW01_add_0)          0.00       1.22 r
  ADDER_2/S[13] (RCA_NBIT38)                              0.00       1.22 r
  ADDER_3/A[13] (RCA_NBIT40)                              0.00       1.22 r
  ADDER_3/add_95/A[13] (RCA_NBIT40_DW01_add_0)            0.00       1.22 r
  ADDER_3/add_95/U62/ZN (XNOR2_X1)                        0.06       1.28 r
  ADDER_3/add_95/U63/ZN (XNOR2_X1)                        0.06       1.35 r
  ADDER_3/add_95/SUM[13] (RCA_NBIT40_DW01_add_0)          0.00       1.35 r
  ADDER_3/S[13] (RCA_NBIT40)                              0.00       1.35 r
  ADDER_4/A[13] (RCA_NBIT42)                              0.00       1.35 r
  ADDER_4/add_95/A[13] (RCA_NBIT42_DW01_add_0)            0.00       1.35 r
  ADDER_4/add_95/U125/ZN (XNOR2_X1)                       0.06       1.41 r
  ADDER_4/add_95/U132/ZN (XNOR2_X1)                       0.06       1.47 r
  ADDER_4/add_95/SUM[13] (RCA_NBIT42_DW01_add_0)          0.00       1.47 r
  ADDER_4/S[13] (RCA_NBIT42)                              0.00       1.47 r
  ADDER_5/A[13] (RCA_NBIT44)                              0.00       1.47 r
  ADDER_5/add_95/A[13] (RCA_NBIT44_DW01_add_0)            0.00       1.47 r
  ADDER_5/add_95/U1_13/CO (FA_X1)                         0.08       1.56 r
  ADDER_5/add_95/U72/ZN (OAI21_X1)                        0.04       1.60 f
  ADDER_5/add_95/U60/ZN (NAND2_X1)                        0.04       1.63 r
  ADDER_5/add_95/U59/ZN (NOR2_X1)                         0.02       1.66 f
  ADDER_5/add_95/U218/ZN (OAI21_X1)                       0.06       1.72 r
  ADDER_5/add_95/U172/ZN (NAND2_X1)                       0.04       1.76 f
  ADDER_5/add_95/U200/ZN (OAI21_X1)                       0.05       1.81 r
  ADDER_5/add_95/U199/ZN (NAND2_X1)                       0.04       1.84 f
  ADDER_5/add_95/U143/ZN (OAI21_X1)                       0.04       1.89 r
  ADDER_5/add_95/U141/ZN (NOR2_X1)                        0.03       1.92 f
  ADDER_5/add_95/U161/ZN (OAI21_X1)                       0.06       1.97 r
  ADDER_5/add_95/U160/ZN (XNOR2_X1)                       0.06       2.04 r
  ADDER_5/add_95/U205/ZN (XNOR2_X1)                       0.06       2.10 r
  ADDER_5/add_95/SUM[19] (RCA_NBIT44_DW01_add_0)          0.00       2.10 r
  ADDER_5/S[19] (RCA_NBIT44)                              0.00       2.10 r
  ADDER_6/A[19] (RCA_NBIT46)                              0.00       2.10 r
  ADDER_6/add_95/A[19] (RCA_NBIT46_DW01_add_0)            0.00       2.10 r
  ADDER_6/add_95/U4/ZN (INV_X1)                           0.02       2.13 f
  ADDER_6/add_95/U114/ZN (OAI21_X1)                       0.05       2.18 r
  ADDER_6/add_95/U111/ZN (NAND2_X1)                       0.04       2.22 f
  ADDER_6/add_95/U118/ZN (OAI21_X1)                       0.04       2.26 r
  ADDER_6/add_95/U119/ZN (NAND2_X1)                       0.03       2.30 f
  ADDER_6/add_95/U108/ZN (AND2_X1)                        0.04       2.33 f
  ADDER_6/add_95/U164/ZN (AND2_X1)                        0.04       2.37 f
  ADDER_6/add_95/U128/ZN (OAI21_X1)                       0.05       2.43 r
  ADDER_6/add_95/U190/ZN (NOR2_X1)                        0.03       2.46 f
  ADDER_6/add_95/U253/ZN (OAI21_X1)                       0.05       2.51 r
  ADDER_6/add_95/U174/ZN (NOR2_X1)                        0.03       2.54 f
  ADDER_6/add_95/U180/ZN (OAI21_X1)                       0.05       2.59 r
  ADDER_6/add_95/U181/ZN (NAND2_X1)                       0.04       2.63 f
  ADDER_6/add_95/U9/ZN (AND2_X1)                          0.04       2.67 f
  ADDER_6/add_95/U8/ZN (AND2_X1)                          0.04       2.71 f
  ADDER_6/add_95/U139/ZN (OAI21_X1)                       0.06       2.76 r
  ADDER_6/add_95/U199/ZN (XNOR2_X1)                       0.06       2.82 r
  ADDER_6/add_95/U248/ZN (XNOR2_X1)                       0.06       2.89 r
  ADDER_6/add_95/SUM[27] (RCA_NBIT46_DW01_add_0)          0.00       2.89 r
  ADDER_6/S[27] (RCA_NBIT46)                              0.00       2.89 r
  ADDER_7/A[27] (RCA_NBIT48)                              0.00       2.89 r
  ADDER_7/add_95/A[27] (RCA_NBIT48_DW01_add_0)            0.00       2.89 r
  ADDER_7/add_95/U212/ZN (XNOR2_X1)                       0.06       2.95 r
  ADDER_7/add_95/U135/ZN (XNOR2_X1)                       0.06       3.02 r
  ADDER_7/add_95/SUM[27] (RCA_NBIT48_DW01_add_0)          0.00       3.02 r
  ADDER_7/S[27] (RCA_NBIT48)                              0.00       3.02 r
  ADDER_8/A[27] (RCA_NBIT50)                              0.00       3.02 r
  ADDER_8/add_95/A[27] (RCA_NBIT50_DW01_add_0)            0.00       3.02 r
  ADDER_8/add_95/U165/ZN (XNOR2_X1)                       0.06       3.08 r
  ADDER_8/add_95/U61/ZN (XNOR2_X1)                        0.07       3.15 r
  ADDER_8/add_95/SUM[27] (RCA_NBIT50_DW01_add_0)          0.00       3.15 r
  ADDER_8/S[27] (RCA_NBIT50)                              0.00       3.15 r
  ADDER_9/A[27] (RCA_NBIT52)                              0.00       3.15 r
  ADDER_9/add_95/A[27] (RCA_NBIT52_DW01_add_0)            0.00       3.15 r
  ADDER_9/add_95/U96/ZN (INV_X1)                          0.03       3.18 f
  ADDER_9/add_95/U97/ZN (OAI21_X1)                        0.06       3.24 r
  ADDER_9/add_95/U94/ZN (NAND2_X1)                        0.04       3.28 f
  ADDER_9/add_95/U112/ZN (OAI21_X1)                       0.05       3.33 r
  ADDER_9/add_95/U58/ZN (NOR2_X1)                         0.03       3.35 f
  ADDER_9/add_95/U150/ZN (OAI21_X1)                       0.05       3.41 r
  ADDER_9/add_95/U232/ZN (OAI21_X1)                       0.04       3.44 f
  ADDER_9/add_95/U233/ZN (NAND2_X1)                       0.04       3.48 r
  ADDER_9/add_95/U65/ZN (NOR2_X1)                         0.02       3.51 f
  ADDER_9/add_95/U173/ZN (OAI21_X1)                       0.05       3.56 r
  ADDER_9/add_95/U175/ZN (NAND2_X1)                       0.04       3.61 f
  ADDER_9/add_95/U125/ZN (OAI21_X1)                       0.05       3.65 r
  ADDER_9/add_95/U145/ZN (NOR2_X1)                        0.03       3.68 f
  ADDER_9/add_95/U147/ZN (OAI21_X1)                       0.05       3.73 r
  ADDER_9/add_95/U231/ZN (OAI21_X1)                       0.04       3.77 f
  ADDER_9/add_95/U9/ZN (NAND2_X1)                         0.04       3.81 r
  ADDER_9/add_95/U188/ZN (NOR2_X1)                        0.03       3.84 f
  ADDER_9/add_95/U185/ZN (OAI21_X1)                       0.06       3.90 r
  ADDER_9/add_95/U187/ZN (NAND2_X1)                       0.04       3.93 f
  ADDER_9/add_95/U136/ZN (OAI21_X1)                       0.05       3.98 r
  ADDER_9/add_95/U138/ZN (XNOR2_X1)                       0.06       4.04 r
  ADDER_9/add_95/U200/ZN (XNOR2_X1)                       0.07       4.11 r
  ADDER_9/add_95/SUM[37] (RCA_NBIT52_DW01_add_0)          0.00       4.11 r
  ADDER_9/S[37] (RCA_NBIT52)                              0.00       4.11 r
  ADDER_10/A[37] (RCA_NBIT54)                             0.00       4.11 r
  ADDER_10/add_95/A[37] (RCA_NBIT54_DW01_add_0)           0.00       4.11 r
  ADDER_10/add_95/U200/ZN (OAI21_X1)                      0.04       4.15 f
  ADDER_10/add_95/U84/ZN (NAND2_X1)                       0.04       4.19 r
  ADDER_10/add_95/U156/ZN (NOR2_X1)                       0.02       4.22 f
  ADDER_10/add_95/U152/ZN (OAI21_X1)                      0.06       4.28 r
  ADDER_10/add_95/U154/ZN (NAND2_X1)                      0.04       4.32 f
  ADDER_10/add_95/U161/ZN (OAI21_X1)                      0.04       4.37 r
  ADDER_10/add_95/U78/ZN (NAND2_X1)                       0.04       4.41 f
  ADDER_10/add_95/U117/ZN (OAI21_X1)                      0.05       4.46 r
  ADDER_10/add_95/U42/ZN (NOR2_X1)                        0.03       4.49 f
  ADDER_10/add_95/U194/ZN (OAI21_X1)                      0.05       4.54 r
  ADDER_10/add_95/U222/ZN (OAI21_X1)                      0.04       4.58 f
  ADDER_10/add_95/U66/ZN (NAND2_X1)                       0.05       4.62 r
  ADDER_10/add_95/U57/ZN (NOR2_X1)                        0.03       4.65 f
  ADDER_10/add_95/U52/ZN (OAI21_X1)                       0.06       4.71 r
  ADDER_10/add_95/U50/ZN (XNOR2_X1)                       0.06       4.77 r
  ADDER_10/add_95/U51/ZN (XNOR2_X1)                       0.06       4.84 r
  ADDER_10/add_95/SUM[44] (RCA_NBIT54_DW01_add_0)         0.00       4.84 r
  ADDER_10/S[44] (RCA_NBIT54)                             0.00       4.84 r
  ADDER_11/A[44] (RCA_NBIT56)                             0.00       4.84 r
  ADDER_11/add_95/A[44] (RCA_NBIT56_DW01_add_0)           0.00       4.84 r
  ADDER_11/add_95/U61/ZN (INV_X1)                         0.03       4.87 f
  ADDER_11/add_95/U59/ZN (OAI21_X1)                       0.04       4.91 r
  ADDER_11/add_95/U58/ZN (NOR2_X1)                        0.03       4.94 f
  ADDER_11/add_95/U51/ZN (OAI21_X1)                       0.06       5.00 r
  ADDER_11/add_95/U50/ZN (OAI21_X1)                       0.04       5.03 f
  ADDER_11/add_95/U44/ZN (NAND2_X1)                       0.04       5.08 r
  ADDER_11/add_95/U43/ZN (NAND2_X1)                       0.04       5.11 f
  ADDER_11/add_95/U36/ZN (OAI21_X1)                       0.04       5.16 r
  ADDER_11/add_95/U37/ZN (XNOR2_X1)                       0.06       5.22 r
  ADDER_11/add_95/U46/ZN (XNOR2_X1)                       0.06       5.28 r
  ADDER_11/add_95/SUM[48] (RCA_NBIT56_DW01_add_0)         0.00       5.28 r
  ADDER_11/S[48] (RCA_NBIT56)                             0.00       5.28 r
  ADDER_12/A[48] (RCA_NBIT58)                             0.00       5.28 r
  ADDER_12/add_95/A[48] (RCA_NBIT58_DW01_add_0)           0.00       5.28 r
  ADDER_12/add_95/U46/ZN (INV_X1)                         0.03       5.31 f
  ADDER_12/add_95/U48/ZN (OAI21_X1)                       0.06       5.37 r
  ADDER_12/add_95/U51/ZN (NAND2_X1)                       0.04       5.41 f
  ADDER_12/add_95/U66/ZN (OAI21_X1)                       0.04       5.45 r
  ADDER_12/add_95/U70/ZN (XNOR2_X1)                       0.06       5.51 r
  ADDER_12/add_95/U229/ZN (XNOR2_X1)                      0.06       5.58 r
  ADDER_12/add_95/SUM[50] (RCA_NBIT58_DW01_add_0)         0.00       5.58 r
  ADDER_12/S[50] (RCA_NBIT58)                             0.00       5.58 r
  ADDER_13/A[50] (RCA_NBIT60)                             0.00       5.58 r
  ADDER_13/add_95/A[50] (RCA_NBIT60_DW01_add_0)           0.00       5.58 r
  ADDER_13/add_95/U75/ZN (INV_X1)                         0.03       5.60 f
  ADDER_13/add_95/U46/ZN (OAI21_X1)                       0.06       5.66 r
  ADDER_13/add_95/U73/ZN (OAI21_X1)                       0.04       5.70 f
  ADDER_13/add_95/U85/ZN (NAND2_X1)                       0.04       5.74 r
  ADDER_13/add_95/U84/ZN (NAND2_X1)                       0.03       5.78 f
  ADDER_13/add_95/U78/ZN (OAI21_X1)                       0.04       5.82 r
  ADDER_13/add_95/U71/ZN (NAND2_X1)                       0.04       5.86 f
  ADDER_13/add_95/U64/ZN (OAI21_X1)                       0.04       5.90 r
  ADDER_13/add_95/U63/ZN (NOR2_X1)                        0.03       5.93 f
  ADDER_13/add_95/U39/ZN (OAI21_X1)                       0.06       5.99 r
  ADDER_13/add_95/U32/ZN (NAND2_X1)                       0.04       6.03 f
  ADDER_13/add_95/U29/ZN (OAI21_X1)                       0.04       6.07 r
  ADDER_13/add_95/U30/ZN (XNOR2_X1)                       0.06       6.13 r
  ADDER_13/add_95/U41/ZN (XNOR2_X1)                       0.07       6.20 r
  ADDER_13/add_95/SUM[56] (RCA_NBIT60_DW01_add_0)         0.00       6.20 r
  ADDER_13/S[56] (RCA_NBIT60)                             0.00       6.20 r
  ADDER_14/A[56] (RCA_NBIT62)                             0.00       6.20 r
  ADDER_14/add_95/A[56] (RCA_NBIT62_DW01_add_0)           0.00       6.20 r
  ADDER_14/add_95/U46/ZN (NAND2_X1)                       0.03       6.23 f
  ADDER_14/add_95/U43/ZN (NAND3_X1)                       0.04       6.27 r
  ADDER_14/add_95/U1_57/CO (FA_X1)                        0.07       6.34 r
  ADDER_14/add_95/U1_58/S (FA_X1)                         0.12       6.46 f
  ADDER_14/add_95/SUM[58] (RCA_NBIT62_DW01_add_0)         0.00       6.46 f
  ADDER_14/S[58] (RCA_NBIT62)                             0.00       6.46 f
  ADDER_15/A[58] (RCA_NBIT64)                             0.00       6.46 f
  ADDER_15/add_95/A[58] (RCA_NBIT64_DW01_add_0)           0.00       6.46 f
  ADDER_15/add_95/U181/ZN (NAND2_X1)                      0.04       6.50 r
  ADDER_15/add_95/U303/ZN (NAND3_X1)                      0.04       6.54 f
  ADDER_15/add_95/U290/ZN (NAND2_X1)                      0.04       6.58 r
  ADDER_15/add_95/U329/ZN (NAND3_X1)                      0.03       6.61 f
  ADDER_15/add_95/U312/ZN (NAND2_X1)                      0.03       6.65 r
  ADDER_15/add_95/U299/ZN (NAND3_X1)                      0.04       6.68 f
  ADDER_15/add_95/U317/ZN (NAND2_X1)                      0.04       6.72 r
  ADDER_15/add_95/U288/ZN (NAND3_X1)                      0.04       6.76 f
  ADDER_15/add_95/U320/ZN (NAND2_X1)                      0.03       6.79 r
  ADDER_15/add_95/U323/ZN (NAND3_X1)                      0.03       6.82 f
  ADDER_15/add_95/U304/ZN (XNOR2_X1)                      0.05       6.88 f
  ADDER_15/add_95/SUM[63] (RCA_NBIT64_DW01_add_0)         0.00       6.88 f
  ADDER_15/S[63] (RCA_NBIT64)                             0.00       6.88 f
  S[63] (out)                                             0.00       6.88 f
  data arrival time                                                  6.88

  max_delay                                               6.74       6.74
  output external delay                                   0.00       6.74
  data required time                                                 6.74
  --------------------------------------------------------------------------
  data required time                                                 6.74
  data arrival time                                                 -6.88
  --------------------------------------------------------------------------
  slack (VIOLATED)                                                  -0.14


1
